Install Dependencies
  > Run npm run install:all

  > ***@1.0.0 install:all
  > npm install --prefix server && npm install --prefix client

  added 216 packages, and audited 217 packages in 2s

  40 packages are looking for funding
    run `npm fund` for details

  found 0 vulnerabilities

  added 375 packages, and audited 376 packages in 5s

  96 packages are looking for funding
    run `npm fund` for details

  6 vulnerabilities (1 moderate, 5 high)

  To address all issues (including breaking changes), run:
    npm audit fix --force

  Run `npm audit` for details.

Run project checks
  > Run npm run check

  > ***@1.0.0 check
  > npm run test && npm run build


  > ***@1.0.0 test
  > npm test --prefix server


  > @***/server@1.0.0 test
  > node --test

  TAP version 13
  # Subtest: splits itemized subtotal and proportional tax/tip
  ok 1 - splits itemized subtotal and proportional tax/tip
    ---
    duration_ms: 1.458734
    ...
  1..1
  # tests 1
  # suites 0
  # pass 1
  # fail 0
  # cancelled 0
  # skipped 0
  # todo 0
  # duration_ms 60.385315

  > ***@1.0.0 build
  > npm run build --prefix client


  > @***/client@1.0.0 build
  > vite build

  vite v4.5.14 building for production...
  transforming...
  ✓ 1583 modules transformed.
  rendering chunks...
  computing gzip size...
  dist/registerSW.js                0.13 kB
  dist/manifest.webmanifest         0.33 kB
  dist/index.html                   0.56 kB │ gzip:  0.33 kB
  dist/assets/index-ef541f58.css    6.87 kB │ gzip:  2.10 kB
  dist/assets/index-f5cbbc08.js   198.81 kB │ gzip: 62.79 kB

  PWA v0.14.7
  mode      generateSW
  precache  6 entries (201.53 KiB)
  files generated
    dist/sw.js
    dist/workbox-87098c68.js
  ✓ built in 4.21s

Test backend
  > Run npm test --prefix server

  > @***/server@1.0.0 test
  > node --test

  TAP version 13
  # Subtest: splits itemized subtotal and proportional tax/tip
  ok 1 - splits itemized subtotal and proportional tax/tip
    ---
    duration_ms: 1.46294
    ...
  1..1
  # tests 1
  # suites 0
  # pass 1
  # fail 0
  # cancelled 0
  # skipped 0
  # todo 0
  # duration_ms 55.244118

Build client
  > Run npm run build --prefix client

  > @***/client@1.0.0 build
  > vite build

  vite v4.5.14 building for production...
  transforming...
  ✓ 1583 modules transformed.
  rendering chunks...
  computing gzip size...
  dist/registerSW.js                0.13 kB
  dist/manifest.webmanifest         0.33 kB
  dist/index.html                   0.56 kB │ gzip:  0.33 kB
  dist/assets/index-ef541f58.css    6.87 kB │ gzip:  2.10 kB
  dist/assets/index-f5cbbc08.js   198.81 kB │ gzip: 62.79 kB

  PWA v0.14.7
  mode      generateSW
  precache  6 entries (201.53 KiB)
  files generated
    dist/sw.js
    dist/workbox-87098c68.js
  ✓ built in 4.08s

Build Docker image
  > Run docker build \
  #0 building with "default" instance using docker driver

  #1 [internal] load build definition from Dockerfile
  #1 transferring dockerfile: 509B done
  #1 DONE 0.0s

  #2 [auth] library/node:pull token for registry-1.docker.io
  #2 DONE 0.0s

  #3 [internal] load metadata for docker.io/library/node:20-alpine
  #3 DONE 0.5s

  #4 [internal] load .dockerignore
  #4 transferring context: 124B done
  #4 DONE 0.0s

  #5 [internal] load build context
  #5 transferring context: 380.87kB done
  #5 DONE 0.0s

  #6 [client-build 1/6] FROM docker.io/library/node:20-alpine@sha256:fb4cd12c85ee03686f6af5362a0b0d56d50c58a04632e6c0fb8363f609372293
  #6 resolve docker.io/library/node:20-alpine@sha256:fb4cd12c85ee03686f6af5362a0b0d56d50c58a04632e6c0fb8363f609372293 done
  #6 sha256:fb4cd12c85ee03686f6af5362a0b0d56d50c58a04632e6c0fb8363f609372293 7.67kB / 7.67kB done
  #6 sha256:afdf98210b07b586eb71fa22ba2e432e058e4cd1304d31ed60888755b8c865fb 1.72kB / 1.72kB done
  #6 sha256:11cedc39e663e7c5d5cb9cc77a461a0d2adc25537b94e6831a6108f09cb2001b 6.52kB / 6.52kB done
  #6 sha256:4feea04c154301db6f4a496efa397b3db96603b1c009c797cfdde77bea8b3287 6.29MB / 43.23MB 0.1s
  #6 sha256:b2cbbfe903b0821005780971ddc5892edcc4ce74c5a48d82e1d2b382edac3122 0B / 1.26MB 0.1s
  #6 sha256:fff4e2c1b189bf87d63ad8bd07f7f4eb288d6f2b6a07a8bb44c60e8c075d2096 445B / 445B 0.0s done
  #6 sha256:4feea04c154301db6f4a496efa397b3db96603b1c009c797cfdde77bea8b3287 28.31MB / 43.23MB 0.2s
  #6 sha256:b2cbbfe903b0821005780971ddc5892edcc4ce74c5a48d82e1d2b382edac3122 1.26MB / 1.26MB 0.1s done
  #6 extracting sha256:4feea04c154301db6f4a496efa397b3db96603b1c009c797cfdde77bea8b3287
  #6 sha256:4feea04c154301db6f4a496efa397b3db96603b1c009c797cfdde77bea8b3287 43.23MB / 43.23MB 0.3s done
  #6 extracting sha256:4feea04c154301db6f4a496efa397b3db96603b1c009c797cfdde77bea8b3287 1.1s done
  #6 extracting sha256:b2cbbfe903b0821005780971ddc5892edcc4ce74c5a48d82e1d2b382edac3122
  #6 extracting sha256:b2cbbfe903b0821005780971ddc5892edcc4ce74c5a48d82e1d2b382edac3122 0.0s done
  #6 extracting sha256:fff4e2c1b189bf87d63ad8bd07f7f4eb288d6f2b6a07a8bb44c60e8c075d2096 done
  #6 DONE 3.4s

  #7 [stage-2 2/4] WORKDIR /app
  #7 DONE 0.0s

  #8 [server-build 2/5] WORKDIR /app/server
  #8 DONE 0.0s

  #9 [client-build 2/6] WORKDIR /app/client
  #9 DONE 0.0s

  #10 [server-build 3/5] COPY server/package*.json ./
  #10 DONE 0.0s

  #11 [client-build 3/6] COPY client/package*.json ./
  #11 DONE 0.0s

  #12 [client-build 4/6] RUN npm install
  versions may be purchased (at exorbitant rates) by contacting i@izs.me
  #12 ...

  #13 [server-build 4/5] RUN npm install --omit=dev
  #13 3.580 added 216 packages, and audited 217 packages in 3s
  #13 3.580 
  #13 3.581 40 packages are looking for funding
  #13 3.581   run `npm fund` for details
  #13 3.582 
  #13 3.582 found 0 vulnerabilities
  #13 DONE 3.8s

  #14 [server-build 5/5] COPY server ./
  #14 DONE 0.0s

  #12 [client-build 4/6] RUN npm install
  #12 ...

  #15 [stage-2 3/4] COPY --from=server-build /app/server ./server
  #15 DONE 0.9s

  #12 [client-build 4/6] RUN npm install
  #12 6.249 
  #12 6.249 added 375 packages, and audited 376 packages in 6s
  #12 6.249 
  #12 6.249 96 packages are looking for funding
  #12 6.249   run `npm fund` for details
  #12 6.262 
  #12 6.262 6 vulnerabilities (1 moderate, 5 high)
  #12 6.262 
  #12 6.262 To address all issues (including breaking changes), run:
  #12 6.262   npm audit fix --force
  #12 6.262 
  #12 6.262 Run `npm audit` for details.
  #12 DONE 6.4s

  #16 [client-build 5/6] COPY client ./
  #16 DONE 0.0s

  #17 [client-build 6/6] RUN npm run build
  #17 0.256 
  #17 0.256 > @***/client@1.0.0 build
  #17 0.256 > vite build
  #17 0.256 
  #17 0.554 vite v4.5.14 building for production...
  #17 0.583 transforming...
  #17 3.526 ✓ 1583 modules transformed.
  #17 3.677 rendering chunks...
  #17 3.683 computing gzip size...
  #17 3.691 dist/registerSW.js                0.13 kB
  #17 3.692 dist/manifest.webmanifest         0.33 kB
  #17 3.692 dist/index.html                   0.56 kB │ gzip:  0.33 kB
  #17 3.692 dist/assets/index-ef541f58.css    6.87 kB │ gzip:  2.10 kB
  #17 3.692 dist/assets/index-f5cbbc08.js   198.81 kB │ gzip: 62.79 kB
  #17 5.887 
  #17 5.887 PWA v0.14.7
  #17 5.887 mode      generateSW
  #17 5.887 precache  6 entries (201.53 KiB)
  #17 5.887 files generated
  #17 5.887   dist/sw.js
  #17 5.887   dist/workbox-87098c68.js
  #17 5.889 ✓ built in 5.33s
  #17 DONE 6.0s

  #18 [stage-2 4/4] COPY --from=client-build /app/client/dist ./client/dist
  #18 DONE 0.0s

  #19 exporting to image
  #19 exporting layers
  #19 exporting layers 0.7s done
  #19 writing image sha256:349caffe7466d540cf5c2a9f386f95fb8315c657cb1c563fda661010c9a8ba37 done
  #19 naming to ***-docker.pkg.dev/***/***/***:023f39a1c9827fdfd5dc71116c08f44006306fb4 done
  #19 DONE 0.7s